# serializer version: 1
# name: test_doc_extract_parsed_snapshot[project=bigbluebutton]
  dict({
    'abbreviations': list([
      dict({
        'component': 'kurento',
        'scope': 'global',
        'term': 'KMS',
      }),
    ]),
    'synonyms': list([
      dict({
        'component': 'HTML5 Client',
        'scope': 'global',
        'term': 'HTML5 client',
      }),
      dict({
        'component': 'HTML5 Client',
        'scope': 'local',
        'term': 'client',
      }),
      dict({
        'component': 'HTML5 Client',
        'scope': 'global',
        'term': 'BigBlueButton client',
      }),
      dict({
        'component': 'HTML5 Server',
        'scope': 'global',
        'term': 'HTML5 server',
      }),
      dict({
        'component': 'HTML5 Server',
        'scope': 'global',
        'term': 'bbb-html5',
      }),
      dict({
        'component': 'BBB web',
        'scope': 'global',
        'term': 'BBB web',
      }),
      dict({
        'component': 'BBB web',
        'scope': 'global',
        'term': 'BigBlueButton web application',
      }),
      dict({
        'component': 'BBB web',
        'scope': 'global',
        'term': 'bbb-web',
      }),
      dict({
        'component': 'Redis PubSub',
        'scope': 'global',
        'term': 'Redis PubSub',
      }),
      dict({
        'component': 'Redis PubSub',
        'scope': 'global',
        'term': 'redis pubsub',
      }),
      dict({
        'component': 'Redis DB',
        'scope': 'global',
        'term': 'Redis DB',
      }),
      dict({
        'component': 'Apps',
        'scope': 'global',
        'term': 'Apps akka',
      }),
      dict({
        'component': 'Apps',
        'scope': 'global',
        'term': 'BigBlueButton Apps',
      }),
      dict({
        'component': 'Apps',
        'scope': 'local',
        'term': 'apps',
      }),
      dict({
        'component': 'FSESL',
        'scope': 'global',
        'term': 'FSESL akka',
      }),
      dict({
        'component': 'FSESL',
        'scope': 'global',
        'term': 'FreeSWITCH Event Socket Layer',
      }),
      dict({
        'component': 'FSESL',
        'scope': 'global',
        'term': 'fsels',
      }),
      dict({
        'component': 'FreeSWITCH',
        'scope': 'global',
        'term': 'FreeSWITCH',
      }),
      dict({
        'component': 'kurento',
        'scope': 'global',
        'term': 'Kurento Media Server',
      }),
      dict({
        'component': 'kurento',
        'scope': 'local',
        'term': 'kurento',
      }),
      dict({
        'component': 'WebRTC-SFU',
        'scope': 'global',
        'term': 'WebRTC-SFU',
      }),
      dict({
        'component': 'WebRTC-SFU',
        'scope': 'local',
        'term': 'media controller',
      }),
      dict({
        'component': 'Presentation Conversion',
        'scope': 'local',
        'term': 'conversion process',
      }),
    ]),
  })
# ---
# name: test_doc_extract_parsed_snapshot[project=jabref]
  dict({
    'abbreviations': list([
    ]),
    'synonyms': list([
      dict({
        'component': 'gui',
        'scope': 'local',
        'term': 'outer shell',
      }),
      dict({
        'component': 'cli',
        'scope': 'global',
        'term': 'command line interface',
      }),
      dict({
        'component': 'logic',
        'scope': 'local',
        'term': 'intermediate layer',
      }),
      dict({
        'component': 'model',
        'scope': 'local',
        'term': 'core',
      }),
      dict({
        'component': 'model',
        'scope': 'local',
        'term': 'center',
      }),
    ]),
  })
# ---
# name: test_doc_extract_parsed_snapshot[project=mediastore]
  dict({
    'abbreviations': list([
    ]),
    'synonyms': list([
      dict({
        'component': 'MediaManagement',
        'scope': 'global',
        'term': 'MediaManagement component',
      }),
      dict({
        'component': 'UserManagement',
        'scope': 'global',
        'term': 'UserManagement component',
      }),
      dict({
        'component': 'UserDBAdapter',
        'scope': 'global',
        'term': 'UserDBAdapter component',
      }),
      dict({
        'component': 'TagWatermarking',
        'scope': 'global',
        'term': 'TagWatermarking component',
      }),
      dict({
        'component': 'Packaging',
        'scope': 'global',
        'term': 'Packaging component',
      }),
      dict({
        'component': 'DB',
        'scope': 'global',
        'term': 'Database component',
      }),
      dict({
        'component': 'DB',
        'scope': 'global',
        'term': 'Database',
      }),
      dict({
        'component': 'FileStorage',
        'scope': 'global',
        'term': 'DataStorage',
      }),
      dict({
        'component': 'Facade',
        'scope': 'global',
        'term': 'Facade component',
      }),
      dict({
        'component': 'MediaAccess',
        'scope': 'global',
        'term': 'MediaAccess component',
      }),
      dict({
        'component': 'Reencoding',
        'scope': 'global',
        'term': 'ReEncoder component',
      }),
      dict({
        'component': 'Reencoding',
        'scope': 'local',
        'term': 're-encoded',
      }),
    ]),
  })
# ---
# name: test_doc_extract_parsed_snapshot[project=teammates]
  dict({
    'abbreviations': list([
      dict({
        'component': 'UI',
        'scope': 'global',
        'term': 'UI',
      }),
      dict({
        'component': 'E2E',
        'scope': 'global',
        'term': 'E2E',
      }),
      dict({
        'component': 'GAE Datastore',
        'scope': 'global',
        'term': 'GAE',
      }),
    ]),
    'synonyms': list([
      dict({
        'component': 'UI',
        'scope': 'global',
        'term': 'UI Component',
      }),
      dict({
        'component': 'UI',
        'scope': 'global',
        'term': 'UI Browser',
      }),
      dict({
        'component': 'UI',
        'scope': 'global',
        'term': 'UI Server',
      }),
      dict({
        'component': 'UI',
        'scope': 'global',
        'term': 'front-end',
      }),
      dict({
        'component': 'UI',
        'scope': 'local',
        'term': 'browser',
      }),
      dict({
        'component': 'UI',
        'scope': 'local',
        'term': 'web page',
      }),
      dict({
        'component': 'Logic',
        'scope': 'global',
        'term': 'Logic Component',
      }),
      dict({
        'component': 'Logic',
        'scope': 'local',
        'term': 'main logic',
      }),
      dict({
        'component': 'Logic',
        'scope': 'local',
        'term': 'logic layer',
      }),
      dict({
        'component': 'Logic',
        'scope': 'global',
        'term': 'Logic API',
      }),
      dict({
        'component': 'Storage',
        'scope': 'global',
        'term': 'Storage Component',
      }),
      dict({
        'component': 'Storage',
        'scope': 'local',
        'term': 'storage layer',
      }),
      dict({
        'component': 'GAE Datastore',
        'scope': 'local',
        'term': 'datastore',
      }),
      dict({
        'component': 'GAE Datastore',
        'scope': 'global',
        'term': 'NoSQL database',
      }),
      dict({
        'component': 'GAE Datastore',
        'scope': 'global',
        'term': "Google's distributed datastore",
      }),
      dict({
        'component': 'Common',
        'scope': 'global',
        'term': 'Common Component',
      }),
      dict({
        'component': 'Test Driver',
        'scope': 'global',
        'term': 'Test Driver Component',
      }),
      dict({
        'component': 'Test Driver',
        'scope': 'global',
        'term': 'Test Driver',
      }),
      dict({
        'component': 'Test Driver',
        'scope': 'local',
        'term': 'test driver',
      }),
      dict({
        'component': 'E2E',
        'scope': 'global',
        'term': 'E2E Component',
      }),
      dict({
        'component': 'E2E',
        'scope': 'local',
        'term': 'end-to-end component',
      }),
      dict({
        'component': 'Client',
        'scope': 'global',
        'term': 'Client Component',
      }),
    ]),
  })
# ---
# name: test_doc_extract_parsed_snapshot[project=teastore]
  dict({
    'abbreviations': list([
      dict({
        'component': 'WebUI',
        'scope': 'global',
        'term': 'UI',
      }),
    ]),
    'synonyms': list([
      dict({
        'component': 'WebUI',
        'scope': 'global',
        'term': 'WebUi',
      }),
      dict({
        'component': 'WebUI',
        'scope': 'global',
        'term': 'front-end',
      }),
      dict({
        'component': 'Registry',
        'scope': 'local',
        'term': 'registry',
      }),
      dict({
        'component': 'Persistence',
        'scope': 'global',
        'term': 'PersistenceProvider',
      }),
      dict({
        'component': 'Persistence',
        'scope': 'local',
        'term': 'persistence provider',
      }),
      dict({
        'component': 'ImageProvider',
        'scope': 'global',
        'term': 'Image Provider',
      }),
    ]),
  })
# ---
