# serializer version: 1
# name: test_doc_judge_parsed_snapshot[project=bigbluebutton]
  dict({
    'approved': list([
      'KMS',
      'HTML5 client',
      'BigBlueButton client',
      'HTML5 server',
      'bbb-html5',
      'BBB web',
      'BigBlueButton web application',
      'bbb-web',
      'Redis PubSub',
      'redis pubsub',
      'Redis DB',
      'Apps akka',
      'BigBlueButton Apps',
      'apps',
      'FSESL akka',
      'FreeSWITCH Event Socket Layer',
      'FreeSWITCH',
      'Kurento Media Server',
      'kurento',
      'WebRTC-SFU',
      'conversion process',
    ]),
  })
# ---
# name: test_doc_judge_parsed_snapshot[project=jabref]
  dict({
    'approved': list([
      'command line interface',
      'intermediate layer',
      'core',
      'center',
    ]),
  })
# ---
# name: test_doc_judge_parsed_snapshot[project=mediastore]
  dict({
    'approved': list([
      'MediaManagement component',
      'UserManagement component',
      'UserDBAdapter component',
      'TagWatermarking component',
      'Packaging component',
      'Database component',
      'Database',
      'DataStorage',
      'Facade component',
      'MediaAccess component',
      'ReEncoder component',
      're-encoded',
    ]),
  })
# ---
# name: test_doc_judge_parsed_snapshot[project=teammates]
  dict({
    'approved': list([
      'UI',
      'E2E',
      'GAE',
      'UI Component',
      'UI Browser',
      'UI Server',
      'front-end',
      'browser',
      'web page',
      'Logic Component',
      'main logic',
      'logic layer',
      'Logic API',
      'Storage Component',
      'storage layer',
      'datastore',
      'NoSQL database',
      "Google's distributed datastore",
      'Common Component',
      'Test Driver Component',
      'Test Driver',
      'test driver',
      'E2E Component',
      'end-to-end component',
      'Client Component',
    ]),
  })
# ---
# name: test_doc_judge_parsed_snapshot[project=teastore]
  dict({
    'approved': list([
      'UI',
      'WebUi',
      'front-end',
      'registry',
      'PersistenceProvider',
      'persistence provider',
      'Image Provider',
    ]),
  })
# ---
