# serializer version: 1
# name: test_validation_parsed_snapshot[bigbluebutton-phase_4_twopass_p1-call0]
  dict({
    'validations': list([
      dict({
        'approve': True,
        'case': 1,
      }),
      dict({
        'approve': True,
        'case': 2,
      }),
      dict({
        'approve': True,
        'case': 3,
      }),
      dict({
        'approve': True,
        'case': 4,
      }),
      dict({
        'approve': True,
        'case': 5,
      }),
      dict({
        'approve': True,
        'case': 6,
      }),
      dict({
        'approve': True,
        'case': 7,
      }),
      dict({
        'approve': True,
        'case': 8,
      }),
      dict({
        'approve': True,
        'case': 9,
      }),
      dict({
        'approve': True,
        'case': 10,
      }),
      dict({
        'approve': True,
        'case': 11,
      }),
      dict({
        'approve': True,
        'case': 12,
      }),
      dict({
        'approve': False,
        'case': 13,
      }),
      dict({
        'approve': True,
        'case': 14,
      }),
      dict({
        'approve': True,
        'case': 15,
      }),
      dict({
        'approve': True,
        'case': 16,
      }),
      dict({
        'approve': True,
        'case': 17,
      }),
      dict({
        'approve': True,
        'case': 18,
      }),
      dict({
        'approve': True,
        'case': 19,
      }),
      dict({
        'approve': True,
        'case': 20,
      }),
      dict({
        'approve': True,
        'case': 21,
      }),
      dict({
        'approve': True,
        'case': 22,
      }),
      dict({
        'approve': True,
        'case': 23,
      }),
      dict({
        'approve': True,
        'case': 24,
      }),
      dict({
        'approve': True,
        'case': 25,
      }),
    ]),
  })
# ---
# name: test_validation_parsed_snapshot[bigbluebutton-phase_4_twopass_p1-call1]
  dict({
    'validations': list([
      dict({
        'approve': True,
        'case': 1,
      }),
      dict({
        'approve': True,
        'case': 2,
      }),
      dict({
        'approve': True,
        'case': 3,
      }),
      dict({
        'approve': False,
        'case': 4,
      }),
      dict({
        'approve': True,
        'case': 5,
      }),
      dict({
        'approve': True,
        'case': 6,
      }),
      dict({
        'approve': True,
        'case': 7,
      }),
      dict({
        'approve': False,
        'case': 8,
      }),
      dict({
        'approve': False,
        'case': 9,
      }),
      dict({
        'approve': True,
        'case': 10,
      }),
      dict({
        'approve': True,
        'case': 11,
      }),
      dict({
        'approve': True,
        'case': 12,
      }),
      dict({
        'approve': True,
        'case': 13,
      }),
      dict({
        'approve': True,
        'case': 14,
      }),
      dict({
        'approve': True,
        'case': 15,
      }),
      dict({
        'approve': True,
        'case': 16,
      }),
      dict({
        'approve': True,
        'case': 17,
      }),
      dict({
        'approve': False,
        'case': 18,
      }),
      dict({
        'approve': True,
        'case': 19,
      }),
    ]),
  })
# ---
# name: test_validation_parsed_snapshot[bigbluebutton-phase_4_twopass_p2-call0]
  dict({
    'validations': list([
      dict({
        'approve': True,
        'case': 1,
      }),
      dict({
        'approve': True,
        'case': 2,
      }),
      dict({
        'approve': True,
        'case': 3,
      }),
      dict({
        'approve': True,
        'case': 4,
      }),
      dict({
        'approve': True,
        'case': 5,
      }),
      dict({
        'approve': True,
        'case': 6,
      }),
      dict({
        'approve': True,
        'case': 7,
      }),
      dict({
        'approve': True,
        'case': 8,
      }),
      dict({
        'approve': True,
        'case': 9,
      }),
      dict({
        'approve': True,
        'case': 10,
      }),
      dict({
        'approve': True,
        'case': 11,
      }),
      dict({
        'approve': True,
        'case': 12,
      }),
      dict({
        'approve': False,
        'case': 13,
      }),
      dict({
        'approve': True,
        'case': 14,
      }),
      dict({
        'approve': True,
        'case': 15,
      }),
      dict({
        'approve': True,
        'case': 16,
      }),
      dict({
        'approve': True,
        'case': 17,
      }),
      dict({
        'approve': True,
        'case': 18,
      }),
      dict({
        'approve': True,
        'case': 19,
      }),
      dict({
        'approve': True,
        'case': 20,
      }),
      dict({
        'approve': True,
        'case': 21,
      }),
      dict({
        'approve': True,
        'case': 22,
      }),
      dict({
        'approve': True,
        'case': 23,
      }),
      dict({
        'approve': True,
        'case': 24,
      }),
      dict({
        'approve': True,
        'case': 25,
      }),
    ]),
  })
# ---
# name: test_validation_parsed_snapshot[bigbluebutton-phase_4_twopass_p2-call1]
  dict({
    'validations': list([
      dict({
        'approve': True,
        'case': 1,
      }),
      dict({
        'approve': True,
        'case': 2,
      }),
      dict({
        'approve': True,
        'case': 3,
      }),
      dict({
        'approve': True,
        'case': 4,
      }),
      dict({
        'approve': True,
        'case': 5,
      }),
      dict({
        'approve': True,
        'case': 6,
      }),
      dict({
        'approve': True,
        'case': 7,
      }),
      dict({
        'approve': True,
        'case': 8,
      }),
      dict({
        'approve': True,
        'case': 9,
      }),
      dict({
        'approve': True,
        'case': 10,
      }),
      dict({
        'approve': True,
        'case': 11,
      }),
      dict({
        'approve': True,
        'case': 12,
      }),
      dict({
        'approve': True,
        'case': 13,
      }),
      dict({
        'approve': True,
        'case': 14,
      }),
      dict({
        'approve': True,
        'case': 15,
      }),
      dict({
        'approve': True,
        'case': 16,
      }),
      dict({
        'approve': True,
        'case': 17,
      }),
      dict({
        'approve': True,
        'case': 18,
      }),
      dict({
        'approve': True,
        'case': 19,
      }),
    ]),
  })
# ---
# name: test_validation_parsed_snapshot[bigbluebutton-phase_5_coref_validation-call0]
  dict({
    'validations': list([
      dict({
        'approve': False,
        'case': 1,
      }),
      dict({
        'approve': True,
        'case': 2,
      }),
      dict({
        'approve': True,
        'case': 3,
      }),
      dict({
        'approve': True,
        'case': 4,
      }),
      dict({
        'approve': True,
        'case': 5,
      }),
      dict({
        'approve': True,
        'case': 6,
      }),
      dict({
        'approve': True,
        'case': 7,
      }),
      dict({
        'approve': True,
        'case': 8,
      }),
      dict({
        'approve': True,
        'case': 9,
      }),
      dict({
        'approve': False,
        'case': 10,
      }),
      dict({
        'approve': True,
        'case': 11,
      }),
      dict({
        'approve': False,
        'case': 12,
      }),
      dict({
        'approve': False,
        'case': 13,
      }),
      dict({
        'approve': False,
        'case': 14,
      }),
      dict({
        'approve': True,
        'case': 15,
      }),
      dict({
        'approve': True,
        'case': 16,
      }),
      dict({
        'approve': False,
        'case': 17,
      }),
      dict({
        'approve': True,
        'case': 18,
      }),
      dict({
        'approve': True,
        'case': 19,
      }),
      dict({
        'approve': True,
        'case': 20,
      }),
      dict({
        'approve': True,
        'case': 21,
      }),
      dict({
        'approve': True,
        'case': 22,
      }),
      dict({
        'approve': True,
        'case': 23,
      }),
      dict({
        'approve': True,
        'case': 24,
      }),
    ]),
  })
# ---
# name: test_validation_parsed_snapshot[jabref-phase_4_twopass_p1-call0]
  dict({
    'validations': list([
      dict({
        'approve': True,
        'case': 1,
      }),
      dict({
        'approve': True,
        'case': 2,
      }),
      dict({
        'approve': True,
        'case': 3,
      }),
      dict({
        'approve': True,
        'case': 4,
      }),
      dict({
        'approve': True,
        'case': 5,
      }),
      dict({
        'approve': True,
        'case': 6,
      }),
      dict({
        'approve': True,
        'case': 7,
      }),
      dict({
        'approve': True,
        'case': 8,
      }),
      dict({
        'approve': True,
        'case': 9,
      }),
      dict({
        'approve': False,
        'case': 10,
      }),
      dict({
        'approve': True,
        'case': 11,
      }),
      dict({
        'approve': True,
        'case': 12,
      }),
      dict({
        'approve': True,
        'case': 13,
      }),
      dict({
        'approve': True,
        'case': 14,
      }),
      dict({
        'approve': False,
        'case': 15,
      }),
      dict({
        'approve': True,
        'case': 16,
      }),
      dict({
        'approve': True,
        'case': 17,
      }),
      dict({
        'approve': True,
        'case': 18,
      }),
      dict({
        'approve': True,
        'case': 19,
      }),
      dict({
        'approve': True,
        'case': 20,
      }),
    ]),
  })
# ---
# name: test_validation_parsed_snapshot[jabref-phase_4_twopass_p2-call0]
  dict({
    'validations': list([
      dict({
        'approve': True,
        'case': 1,
      }),
      dict({
        'approve': True,
        'case': 2,
      }),
      dict({
        'approve': True,
        'case': 3,
      }),
      dict({
        'approve': True,
        'case': 4,
      }),
      dict({
        'approve': True,
        'case': 5,
      }),
      dict({
        'approve': True,
        'case': 6,
      }),
      dict({
        'approve': True,
        'case': 7,
      }),
      dict({
        'approve': True,
        'case': 8,
      }),
      dict({
        'approve': True,
        'case': 9,
      }),
      dict({
        'approve': False,
        'case': 10,
      }),
      dict({
        'approve': True,
        'case': 11,
      }),
      dict({
        'approve': True,
        'case': 12,
      }),
      dict({
        'approve': True,
        'case': 13,
      }),
      dict({
        'approve': True,
        'case': 14,
      }),
      dict({
        'approve': False,
        'case': 15,
      }),
      dict({
        'approve': True,
        'case': 16,
      }),
      dict({
        'approve': True,
        'case': 17,
      }),
      dict({
        'approve': True,
        'case': 18,
      }),
      dict({
        'approve': True,
        'case': 19,
      }),
      dict({
        'approve': True,
        'case': 20,
      }),
    ]),
  })
# ---
# name: test_validation_parsed_snapshot[jabref-phase_5_coref_validation-call0]
  dict({
    'validations': list([
      dict({
        'approve': True,
        'case': 1,
      }),
      dict({
        'approve': True,
        'case': 2,
      }),
    ]),
  })
# ---
# name: test_validation_parsed_snapshot[mediastore-phase_4_twopass_p1-call0]
  dict({
    'validations': list([
      dict({
        'approve': True,
        'case': 1,
      }),
      dict({
        'approve': True,
        'case': 2,
      }),
      dict({
        'approve': True,
        'case': 3,
      }),
      dict({
        'approve': True,
        'case': 4,
      }),
      dict({
        'approve': True,
        'case': 5,
      }),
      dict({
        'approve': True,
        'case': 6,
      }),
      dict({
        'approve': True,
        'case': 7,
      }),
      dict({
        'approve': True,
        'case': 8,
      }),
      dict({
        'approve': True,
        'case': 9,
      }),
      dict({
        'approve': True,
        'case': 10,
      }),
      dict({
        'approve': True,
        'case': 11,
      }),
      dict({
        'approve': True,
        'case': 12,
      }),
      dict({
        'approve': True,
        'case': 13,
      }),
      dict({
        'approve': True,
        'case': 14,
      }),
      dict({
        'approve': True,
        'case': 15,
      }),
      dict({
        'approve': True,
        'case': 16,
      }),
      dict({
        'approve': True,
        'case': 17,
      }),
      dict({
        'approve': True,
        'case': 18,
      }),
      dict({
        'approve': True,
        'case': 19,
      }),
      dict({
        'approve': True,
        'case': 20,
      }),
      dict({
        'approve': True,
        'case': 21,
      }),
      dict({
        'approve': True,
        'case': 22,
      }),
      dict({
        'approve': True,
        'case': 23,
      }),
      dict({
        'approve': True,
        'case': 24,
      }),
      dict({
        'approve': True,
        'case': 25,
      }),
    ]),
  })
# ---
# name: test_validation_parsed_snapshot[mediastore-phase_4_twopass_p1-call1]
  dict({
    'validations': list([
      dict({
        'approve': True,
        'case': 1,
      }),
      dict({
        'approve': True,
        'case': 2,
      }),
    ]),
  })
# ---
# name: test_validation_parsed_snapshot[mediastore-phase_4_twopass_p2-call0]
  dict({
    'validations': list([
      dict({
        'approve': True,
        'case': 1,
      }),
      dict({
        'approve': True,
        'case': 2,
      }),
      dict({
        'approve': True,
        'case': 3,
      }),
      dict({
        'approve': True,
        'case': 4,
      }),
      dict({
        'approve': True,
        'case': 5,
      }),
      dict({
        'approve': True,
        'case': 6,
      }),
      dict({
        'approve': True,
        'case': 7,
      }),
      dict({
        'approve': True,
        'case': 8,
      }),
      dict({
        'approve': True,
        'case': 9,
      }),
      dict({
        'approve': True,
        'case': 10,
      }),
      dict({
        'approve': True,
        'case': 11,
      }),
      dict({
        'approve': True,
        'case': 12,
      }),
      dict({
        'approve': True,
        'case': 13,
      }),
      dict({
        'approve': True,
        'case': 14,
      }),
      dict({
        'approve': True,
        'case': 15,
      }),
      dict({
        'approve': True,
        'case': 16,
      }),
      dict({
        'approve': True,
        'case': 17,
      }),
      dict({
        'approve': True,
        'case': 18,
      }),
      dict({
        'approve': True,
        'case': 19,
      }),
      dict({
        'approve': True,
        'case': 20,
      }),
      dict({
        'approve': True,
        'case': 21,
      }),
      dict({
        'approve': True,
        'case': 22,
      }),
      dict({
        'approve': True,
        'case': 23,
      }),
      dict({
        'approve': True,
        'case': 24,
      }),
      dict({
        'approve': True,
        'case': 25,
      }),
    ]),
  })
# ---
# name: test_validation_parsed_snapshot[mediastore-phase_4_twopass_p2-call1]
  dict({
    'validations': list([
      dict({
        'approve': True,
        'case': 1,
      }),
      dict({
        'approve': False,
        'case': 2,
      }),
    ]),
  })
# ---
# name: test_validation_parsed_snapshot[mediastore-phase_5_coref_validation-call0]
  dict({
    'validations': list([
      dict({
        'approve': True,
        'case': 1,
      }),
      dict({
        'approve': True,
        'case': 2,
      }),
      dict({
        'approve': False,
        'case': 3,
      }),
      dict({
        'approve': True,
        'case': 4,
      }),
      dict({
        'approve': True,
        'case': 5,
      }),
      dict({
        'approve': True,
        'case': 6,
      }),
      dict({
        'approve': True,
        'case': 7,
      }),
      dict({
        'approve': True,
        'case': 8,
      }),
      dict({
        'approve': True,
        'case': 9,
      }),
      dict({
        'approve': True,
        'case': 10,
      }),
      dict({
        'approve': True,
        'case': 11,
      }),
    ]),
  })
# ---
# name: test_validation_parsed_snapshot[teammates-phase_4_twopass_p1-call0]
  dict({
    'validations': list([
      dict({
        'approve': True,
        'case': 1,
      }),
      dict({
        'approve': True,
        'case': 2,
      }),
      dict({
        'approve': True,
        'case': 3,
      }),
      dict({
        'approve': True,
        'case': 4,
      }),
      dict({
        'approve': True,
        'case': 5,
      }),
      dict({
        'approve': True,
        'case': 6,
      }),
      dict({
        'approve': True,
        'case': 7,
      }),
      dict({
        'approve': True,
        'case': 8,
      }),
      dict({
        'approve': True,
        'case': 9,
      }),
      dict({
        'approve': True,
        'case': 10,
      }),
      dict({
        'approve': True,
        'case': 11,
      }),
      dict({
        'approve': True,
        'case': 12,
      }),
      dict({
        'approve': True,
        'case': 13,
      }),
      dict({
        'approve': False,
        'case': 14,
      }),
      dict({
        'approve': False,
        'case': 15,
      }),
      dict({
        'approve': True,
        'case': 16,
      }),
      dict({
        'approve': True,
        'case': 17,
      }),
      dict({
        'approve': True,
        'case': 18,
      }),
      dict({
        'approve': True,
        'case': 19,
      }),
      dict({
        'approve': True,
        'case': 20,
      }),
      dict({
        'approve': False,
        'case': 21,
      }),
      dict({
        'approve': False,
        'case': 22,
      }),
      dict({
        'approve': True,
        'case': 23,
      }),
      dict({
        'approve': True,
        'case': 24,
      }),
      dict({
        'approve': False,
        'case': 25,
      }),
    ]),
  })
# ---
# name: test_validation_parsed_snapshot[teammates-phase_4_twopass_p1-call1]
  dict({
    'validations': list([
      dict({
        'approve': False,
        'case': 1,
      }),
      dict({
        'approve': True,
        'case': 2,
      }),
      dict({
        'approve': False,
        'case': 3,
      }),
      dict({
        'approve': False,
        'case': 4,
      }),
      dict({
        'approve': False,
        'case': 5,
      }),
      dict({
        'approve': True,
        'case': 6,
      }),
      dict({
        'approve': True,
        'case': 7,
      }),
      dict({
        'approve': True,
        'case': 8,
      }),
      dict({
        'approve': False,
        'case': 9,
      }),
      dict({
        'approve': False,
        'case': 10,
      }),
      dict({
        'approve': True,
        'case': 11,
      }),
      dict({
        'approve': True,
        'case': 12,
      }),
      dict({
        'approve': True,
        'case': 13,
      }),
      dict({
        'approve': True,
        'case': 14,
      }),
      dict({
        'approve': True,
        'case': 15,
      }),
      dict({
        'approve': True,
        'case': 16,
      }),
      dict({
        'approve': True,
        'case': 17,
      }),
      dict({
        'approve': True,
        'case': 18,
      }),
      dict({
        'approve': True,
        'case': 19,
      }),
      dict({
        'approve': True,
        'case': 20,
      }),
      dict({
        'approve': True,
        'case': 21,
      }),
      dict({
        'approve': True,
        'case': 22,
      }),
      dict({
        'approve': False,
        'case': 23,
      }),
      dict({
        'approve': True,
        'case': 24,
      }),
      dict({
        'approve': False,
        'case': 25,
      }),
    ]),
  })
# ---
# name: test_validation_parsed_snapshot[teammates-phase_4_twopass_p1-call2]
  dict({
    'validations': list([
      dict({
        'approve': False,
        'case': 1,
      }),
      dict({
        'approve': True,
        'case': 2,
      }),
      dict({
        'approve': True,
        'case': 3,
      }),
      dict({
        'approve': True,
        'case': 4,
      }),
      dict({
        'approve': True,
        'case': 5,
      }),
      dict({
        'approve': True,
        'case': 6,
      }),
      dict({
        'approve': True,
        'case': 7,
      }),
      dict({
        'approve': False,
        'case': 8,
      }),
      dict({
        'approve': False,
        'case': 9,
      }),
      dict({
        'approve': False,
        'case': 10,
      }),
      dict({
        'approve': False,
        'case': 11,
      }),
      dict({
        'approve': False,
        'case': 12,
      }),
      dict({
        'approve': False,
        'case': 13,
      }),
      dict({
        'approve': False,
        'case': 14,
      }),
      dict({
        'approve': True,
        'case': 15,
      }),
      dict({
        'approve': False,
        'case': 16,
      }),
      dict({
        'approve': True,
        'case': 17,
      }),
      dict({
        'approve': False,
        'case': 18,
      }),
      dict({
        'approve': True,
        'case': 19,
      }),
    ]),
  })
# ---
# name: test_validation_parsed_snapshot[teammates-phase_4_twopass_p2-call0]
  dict({
    'validations': list([
      dict({
        'approve': True,
        'case': 1,
      }),
      dict({
        'approve': True,
        'case': 2,
      }),
      dict({
        'approve': True,
        'case': 3,
      }),
      dict({
        'approve': True,
        'case': 4,
      }),
      dict({
        'approve': True,
        'case': 5,
      }),
      dict({
        'approve': True,
        'case': 6,
      }),
      dict({
        'approve': True,
        'case': 7,
      }),
      dict({
        'approve': True,
        'case': 8,
      }),
      dict({
        'approve': True,
        'case': 9,
      }),
      dict({
        'approve': True,
        'case': 10,
      }),
      dict({
        'approve': True,
        'case': 11,
      }),
      dict({
        'approve': True,
        'case': 12,
      }),
      dict({
        'approve': True,
        'case': 13,
      }),
      dict({
        'approve': False,
        'case': 14,
      }),
      dict({
        'approve': False,
        'case': 15,
      }),
      dict({
        'approve': True,
        'case': 16,
      }),
      dict({
        'approve': True,
        'case': 17,
      }),
      dict({
        'approve': True,
        'case': 18,
      }),
      dict({
        'approve': True,
        'case': 19,
      }),
      dict({
        'approve': True,
        'case': 20,
      }),
      dict({
        'approve': False,
        'case': 21,
      }),
      dict({
        'approve': False,
        'case': 22,
      }),
      dict({
        'approve': True,
        'case': 23,
      }),
      dict({
        'approve': True,
        'case': 24,
      }),
      dict({
        'approve': False,
        'case': 25,
      }),
    ]),
  })
# ---
# name: test_validation_parsed_snapshot[teammates-phase_4_twopass_p2-call1]
  dict({
    'validations': list([
      dict({
        'approve': False,
        'case': 1,
      }),
      dict({
        'approve': True,
        'case': 2,
      }),
      dict({
        'approve': False,
        'case': 3,
      }),
      dict({
        'approve': False,
        'case': 4,
      }),
      dict({
        'approve': False,
        'case': 5,
      }),
      dict({
        'approve': True,
        'case': 6,
      }),
      dict({
        'approve': True,
        'case': 7,
      }),
      dict({
        'approve': True,
        'case': 8,
      }),
      dict({
        'approve': False,
        'case': 9,
      }),
      dict({
        'approve': False,
        'case': 10,
      }),
      dict({
        'approve': True,
        'case': 11,
      }),
      dict({
        'approve': True,
        'case': 12,
      }),
      dict({
        'approve': True,
        'case': 13,
      }),
      dict({
        'approve': True,
        'case': 14,
      }),
      dict({
        'approve': True,
        'case': 15,
      }),
      dict({
        'approve': True,
        'case': 16,
      }),
      dict({
        'approve': True,
        'case': 17,
      }),
      dict({
        'approve': True,
        'case': 18,
      }),
      dict({
        'approve': True,
        'case': 19,
      }),
      dict({
        'approve': True,
        'case': 20,
      }),
      dict({
        'approve': True,
        'case': 21,
      }),
      dict({
        'approve': False,
        'case': 22,
      }),
      dict({
        'approve': False,
        'case': 23,
      }),
      dict({
        'approve': True,
        'case': 24,
      }),
      dict({
        'approve': False,
        'case': 25,
      }),
    ]),
  })
# ---
# name: test_validation_parsed_snapshot[teammates-phase_4_twopass_p2-call2]
  dict({
    'validations': list([
      dict({
        'approve': False,
        'case': 1,
      }),
      dict({
        'approve': True,
        'case': 2,
      }),
      dict({
        'approve': True,
        'case': 3,
      }),
      dict({
        'approve': True,
        'case': 4,
      }),
      dict({
        'approve': True,
        'case': 5,
      }),
      dict({
        'approve': True,
        'case': 6,
      }),
      dict({
        'approve': True,
        'case': 7,
      }),
      dict({
        'approve': False,
        'case': 8,
      }),
      dict({
        'approve': False,
        'case': 9,
      }),
      dict({
        'approve': False,
        'case': 10,
      }),
      dict({
        'approve': False,
        'case': 11,
      }),
      dict({
        'approve': False,
        'case': 12,
      }),
      dict({
        'approve': False,
        'case': 13,
      }),
      dict({
        'approve': False,
        'case': 14,
      }),
      dict({
        'approve': True,
        'case': 15,
      }),
      dict({
        'approve': False,
        'case': 16,
      }),
      dict({
        'approve': False,
        'case': 17,
      }),
      dict({
        'approve': True,
        'case': 18,
      }),
      dict({
        'approve': True,
        'case': 19,
      }),
    ]),
  })
# ---
# name: test_validation_parsed_snapshot[teammates-phase_5_coref_validation-call0]
  dict({
    'validations': list([
      dict({
        'approve': False,
        'case': 1,
      }),
      dict({
        'approve': False,
        'case': 2,
      }),
      dict({
        'approve': False,
        'case': 3,
      }),
      dict({
        'approve': False,
        'case': 4,
      }),
      dict({
        'approve': False,
        'case': 5,
      }),
      dict({
        'approve': False,
        'case': 6,
      }),
      dict({
        'approve': False,
        'case': 7,
      }),
      dict({
        'approve': True,
        'case': 8,
      }),
      dict({
        'approve': True,
        'case': 9,
      }),
      dict({
        'approve': True,
        'case': 10,
      }),
      dict({
        'approve': True,
        'case': 11,
      }),
      dict({
        'approve': True,
        'case': 12,
      }),
      dict({
        'approve': True,
        'case': 13,
      }),
      dict({
        'approve': False,
        'case': 14,
      }),
      dict({
        'approve': False,
        'case': 15,
      }),
      dict({
        'approve': False,
        'case': 16,
      }),
      dict({
        'approve': True,
        'case': 17,
      }),
      dict({
        'approve': True,
        'case': 18,
      }),
      dict({
        'approve': False,
        'case': 19,
      }),
      dict({
        'approve': False,
        'case': 20,
      }),
      dict({
        'approve': False,
        'case': 21,
      }),
      dict({
        'approve': True,
        'case': 22,
      }),
      dict({
        'approve': True,
        'case': 23,
      }),
      dict({
        'approve': True,
        'case': 24,
      }),
      dict({
        'approve': True,
        'case': 25,
      }),
    ]),
  })
# ---
# name: test_validation_parsed_snapshot[teammates-phase_5_coref_validation-call1]
  dict({
    'validations': list([
      dict({
        'approve': True,
        'case': 1,
      }),
      dict({
        'approve': True,
        'case': 2,
      }),
      dict({
        'approve': True,
        'case': 3,
      }),
      dict({
        'approve': True,
        'case': 4,
      }),
      dict({
        'approve': True,
        'case': 5,
      }),
      dict({
        'approve': True,
        'case': 6,
      }),
      dict({
        'approve': True,
        'case': 7,
      }),
      dict({
        'approve': True,
        'case': 8,
      }),
      dict({
        'approve': True,
        'case': 9,
      }),
      dict({
        'approve': True,
        'case': 10,
      }),
      dict({
        'approve': True,
        'case': 11,
      }),
      dict({
        'approve': True,
        'case': 12,
      }),
      dict({
        'approve': True,
        'case': 13,
      }),
      dict({
        'approve': True,
        'case': 14,
      }),
      dict({
        'approve': True,
        'case': 15,
      }),
      dict({
        'approve': True,
        'case': 16,
      }),
    ]),
  })
# ---
# name: test_validation_parsed_snapshot[teastore-phase_4_twopass_p1-call0]
  dict({
    'validations': list([
      dict({
        'approve': True,
        'case': 1,
      }),
      dict({
        'approve': True,
        'case': 2,
      }),
      dict({
        'approve': True,
        'case': 3,
      }),
      dict({
        'approve': True,
        'case': 4,
      }),
      dict({
        'approve': True,
        'case': 5,
      }),
      dict({
        'approve': True,
        'case': 6,
      }),
      dict({
        'approve': True,
        'case': 7,
      }),
      dict({
        'approve': True,
        'case': 8,
      }),
      dict({
        'approve': True,
        'case': 9,
      }),
      dict({
        'approve': True,
        'case': 10,
      }),
      dict({
        'approve': True,
        'case': 11,
      }),
      dict({
        'approve': True,
        'case': 12,
      }),
      dict({
        'approve': True,
        'case': 13,
      }),
      dict({
        'approve': True,
        'case': 14,
      }),
      dict({
        'approve': True,
        'case': 15,
      }),
      dict({
        'approve': True,
        'case': 16,
      }),
      dict({
        'approve': True,
        'case': 17,
      }),
      dict({
        'approve': False,
        'case': 18,
      }),
      dict({
        'approve': False,
        'case': 19,
      }),
      dict({
        'approve': True,
        'case': 20,
      }),
      dict({
        'approve': True,
        'case': 21,
      }),
      dict({
        'approve': True,
        'case': 22,
      }),
      dict({
        'approve': True,
        'case': 23,
      }),
    ]),
  })
# ---
# name: test_validation_parsed_snapshot[teastore-phase_4_twopass_p2-call0]
  dict({
    'validations': list([
      dict({
        'approve': True,
        'case': 1,
      }),
      dict({
        'approve': True,
        'case': 2,
      }),
      dict({
        'approve': True,
        'case': 3,
      }),
      dict({
        'approve': True,
        'case': 4,
      }),
      dict({
        'approve': True,
        'case': 5,
      }),
      dict({
        'approve': True,
        'case': 6,
      }),
      dict({
        'approve': True,
        'case': 7,
      }),
      dict({
        'approve': True,
        'case': 8,
      }),
      dict({
        'approve': True,
        'case': 9,
      }),
      dict({
        'approve': True,
        'case': 10,
      }),
      dict({
        'approve': True,
        'case': 11,
      }),
      dict({
        'approve': True,
        'case': 12,
      }),
      dict({
        'approve': True,
        'case': 13,
      }),
      dict({
        'approve': True,
        'case': 14,
      }),
      dict({
        'approve': True,
        'case': 15,
      }),
      dict({
        'approve': True,
        'case': 16,
      }),
      dict({
        'approve': True,
        'case': 17,
      }),
      dict({
        'approve': False,
        'case': 18,
      }),
      dict({
        'approve': False,
        'case': 19,
      }),
      dict({
        'approve': True,
        'case': 20,
      }),
      dict({
        'approve': True,
        'case': 21,
      }),
      dict({
        'approve': True,
        'case': 22,
      }),
      dict({
        'approve': True,
        'case': 23,
      }),
    ]),
  })
# ---
# name: test_validation_parsed_snapshot[teastore-phase_5_coref_validation-call0]
  dict({
    'validations': list([
      dict({
        'approve': True,
        'case': 1,
      }),
      dict({
        'approve': True,
        'case': 2,
      }),
      dict({
        'approve': True,
        'case': 3,
      }),
      dict({
        'approve': True,
        'case': 4,
      }),
      dict({
        'approve': True,
        'case': 5,
      }),
      dict({
        'approve': True,
        'case': 6,
      }),
      dict({
        'approve': True,
        'case': 7,
      }),
      dict({
        'approve': False,
        'case': 8,
      }),
      dict({
        'approve': True,
        'case': 9,
      }),
      dict({
        'approve': True,
        'case': 10,
      }),
      dict({
        'approve': False,
        'case': 11,
      }),
      dict({
        'approve': False,
        'case': 12,
      }),
    ]),
  })
# ---
