# serializer version: 1
# name: test_ambiguity_parsed_snapshot[project=bigbluebutton]
  dict({
    'ambiguous': list([
    ]),
    'architectural': list([
      'Recording Service',
      'kurento',
      'WebRTC-SFU',
      'HTML5 Server',
      'HTML5 Client',
      'Presentation Conversion',
      'BBB web',
      'Redis PubSub',
      'FSESL',
      'Apps',
      'Redis DB',
      'FreeSWITCH',
    ]),
  })
# ---
# name: test_ambiguity_parsed_snapshot[project=jabref]
  dict({
    'ambiguous': list([
      'gui',
      'cli',
      'logic',
      'globals',
      'model',
      'preferences',
    ]),
    'architectural': list([
    ]),
  })
# ---
# name: test_ambiguity_parsed_snapshot[project=mediastore]
  dict({
    'ambiguous': list([
      'Facade',
      'Packaging',
      'DB',
      'FileStorage',
      'Cache',
    ]),
    'architectural': list([
      'UserDBAdapter',
      'AudioWatermarking',
      'Reencoding',
      'MediaManagement',
      'MediaAccess',
      'TagWatermarking',
      'UserManagement',
      'DownloadLoadBalancer',
      'ParallelWatermarking',
    ]),
  })
# ---
# name: test_ambiguity_parsed_snapshot[project=teammates]
  dict({
    'ambiguous': list([
      'Common',
      'UI',
      'Logic',
      'Storage',
      'Client',
    ]),
    'architectural': list([
      'Test Driver',
      'E2E',
      'GAE Datastore',
    ]),
  })
# ---
# name: test_ambiguity_parsed_snapshot[project=teastore]
  dict({
    'ambiguous': list([
    ]),
    'architectural': list([
      'WebUI',
      'Registry',
      'Persistence',
      'Recommender',
      'Auth',
      'SlopeOneRecommender',
      'OrderBasedRecommender',
      'DummyRecommender',
      'PopularityBasedRecommender',
      'ImageProvider',
      'PreprocessedSlopeOneRecommender',
    ]),
  })
# ---
